D:\NewWorkSpace\Selenium2\src\main\java\com\unionbank\tap\selenium\serializer\DTAccess.java
D:\NewWorkSpace\Selenium2\src\main\java\com\unionbank\tap\selenium\actions\AppDriver.java
D:\NewWorkSpace\Selenium2\src\main\java\com\unionbank\tap\selenium\tstng\WebTest.java
D:\NewWorkSpace\Selenium2\src\main\java\com\unionbank\tap\selenium\tstng\TestFactory.java
D:\NewWorkSpace\Selenium2\src\main\java\com\unionbank\tap\selenium\utils\PersistentMap.java
D:\NewWorkSpace\Selenium2\src\main\java\com\unionbank\tap\selenium\qcRESTConnection\Response.java
D:\NewWorkSpace\Selenium2\src\main\java\com\unionbank\tap\selenium\utils\FrameworkException.java
D:\NewWorkSpace\Selenium2\src\main\java\com\unionbank\tap\selenium\engine\Engine.java
D:\NewWorkSpace\Selenium2\src\main\java\com\unionbank\tap\selenium\harness\TestCaseAccess.java
D:\NewWorkSpace\Selenium2\src\main\java\com\unionbank\tap\selenium\engine\TestStep.java
D:\NewWorkSpace\Selenium2\src\main\java\com\unionbank\tap\selenium\qcRESTConnection\Base64Converter.java
D:\NewWorkSpace\Selenium2\src\main\java\com\unionbank\tap\selenium\qcRESTConnection\createEntity.java
D:\NewWorkSpace\Selenium2\src\main\java\com\unionbank\tap\selenium\serializer\CDTAccess.java
D:\NewWorkSpace\Selenium2\src\main\java\com\unionbank\tap\selenium\harness\ResourcePaths.java
D:\NewWorkSpace\Selenium2\src\main\java\com\unionbank\tap\selenium\qcRESTConnection\qcRESTconnection.java
D:\NewWorkSpace\Selenium2\src\main\java\com\unionbank\tap\selenium\serializer\Serializer.java
D:\NewWorkSpace\Selenium2\src\main\java\com\unionbank\tap\selenium\utils\ExcelAccess.java
D:\NewWorkSpace\Selenium2\src\main\java\com\unionbank\tap\selenium\actions\WebActions.java
D:\NewWorkSpace\Selenium2\src\main\java\com\unionbank\tap\selenium\engine\BuiltinActionsDriver.java
D:\NewWorkSpace\Selenium2\src\main\java\com\unionbank\tap\selenium\utils\Logger.java
D:\NewWorkSpace\Selenium2\src\main\java\com\uinonbank\tap\selenium\xmlparser\XmlReader.java
D:\NewWorkSpace\Selenium2\src\main\java\com\unionbank\tap\selenium\tstng\TestSequencer.java
D:\NewWorkSpace\Selenium2\src\main\java\com\unionbank\tap\selenium\common\Encryption.java
D:\NewWorkSpace\Selenium2\src\main\java\com\unionbank\tap\selenium\engine\TestInstance.java
D:\NewWorkSpace\Selenium2\src\main\java\com\unionbank\tap\selenium\qcRESTConnection\Entity.java
D:\NewWorkSpace\Selenium2\src\main\java\com\unionbank\tap\selenium\utils\Substitutor.java
D:\NewWorkSpace\Selenium2\src\main\java\com\unionbank\tap\selenium\reporting\Report.java
D:\NewWorkSpace\Selenium2\src\main\java\com\unionbank\tap\selenium\engine\TestResultTracker.java
D:\NewWorkSpace\Selenium2\src\main\java\com\unionbank\tap\selenium\qcRESTConnection\EntityMarshallingUtils.java
D:\NewWorkSpace\Selenium2\src\main\java\com\unionbank\tap\selenium\reporting\ExcelReporter.java
D:\NewWorkSpace\Selenium2\src\main\java\com\unionbank\tap\selenium\tstng\TestFactory2.java
D:\NewWorkSpace\Selenium2\src\main\java\com\unionbank\tap\selenium\utils\UniqueUtils.java
D:\NewWorkSpace\Selenium2\src\main\java\com\unionbank\tap\selenium\engine\TestCaseRunner.java
D:\NewWorkSpace\Selenium2\src\main\java\com\unionbank\tap\selenium\engine\TestResultLogger.java
D:\NewWorkSpace\Selenium2\src\main\java\com\unionbank\tap\selenium\harness\Harness.java
D:\NewWorkSpace\Selenium2\src\main\java\com\unionbank\tap\selenium\utils\DataRow.java
D:\NewWorkSpace\Selenium2\src\main\java\com\unionbank\tap\selenium\utils\HtmlUtils.java
D:\NewWorkSpace\Selenium2\src\main\java\com\unionbank\tap\selenium\qcRESTConnection\Entities.java
D:\NewWorkSpace\Selenium2\src\main\java\com\unionbank\tap\selenium\actions\Harness.java
D:\NewWorkSpace\Selenium2\src\main\java\com\unionbank\tap\selenium\reporting\HtmlEventReporter.java
D:\NewWorkSpace\Selenium2\src\main\java\com\unionbank\tap\selenium\harness\ConfigParams.java
D:\NewWorkSpace\Selenium2\src\main\java\com\unionbank\tap\selenium\harness\AppLoader.java
D:\NewWorkSpace\Selenium2\src\main\java\com\unionbank\tap\selenium\engine\TestSet.java
D:\NewWorkSpace\Selenium2\src\main\java\com\unionbank\tap\selenium\utils\RegExUtils.java
D:\NewWorkSpace\Selenium2\src\main\java\com\unionbank\tap\selenium\appdriver\TAPDriver.java
D:\NewWorkSpace\Selenium2\src\main\java\com\unionbank\tap\selenium\engine\TestIteration.java
D:\NewWorkSpace\Selenium2\src\main\java\com\unionbank\tap\selenium\reporting\ScreenDumpManager.java
D:\NewWorkSpace\Selenium2\src\main\java\com\unionbank\tap\selenium\tstng\WebStepRunner.java
D:\NewWorkSpace\Selenium2\src\main\java\com\unionbank\tap\selenium\reporting\HtmlSummaryReport.java
D:\NewWorkSpace\Selenium2\src\main\java\com\unionbank\tap\selenium\harness\ParameterAccess.java
D:\NewWorkSpace\Selenium2\src\main\java\com\unionbank\tap\selenium\engine\TestCase.java
D:\NewWorkSpace\Selenium2\src\main\java\com\unionbank\tap\selenium\tstng\TestFactory3.java
D:\NewWorkSpace\Selenium2\src\main\java\com\unionbank\tap\selenium\utils\StringUtils.java
D:\NewWorkSpace\Selenium2\src\main\java\com\unionbank\tap\selenium\common\FileUtilities.java
D:\NewWorkSpace\Selenium2\src\main\java\com\unionbank\tap\selenium\common\TAPException.java
D:\NewWorkSpace\Selenium2\src\main\java\com\unionbank\tap\selenium\utils\SleepUtils.java
D:\NewWorkSpace\Selenium2\src\main\java\com\unionbank\tap\selenium\utils\FileUtils.java
D:\NewWorkSpace\Selenium2\src\main\java\com\unionbank\tap\selenium\engine\AppDriver.java
D:\NewWorkSpace\Selenium2\src\main\java\com\unionbank\tap\selenium\qcRESTConnection\updateEntity.java
D:\NewWorkSpace\Selenium2\src\main\java\com\unionbank\tap\selenium\qcRESTConnection\RestConnector.java
D:\NewWorkSpace\Selenium2\src\main\java\com\unionbank\tap\selenium\common\ServerAppUtil.java
D:\NewWorkSpace\Selenium2\src\main\java\com\unionbank\tap\selenium\common\Email.java
D:\NewWorkSpace\Selenium2\src\main\java\com\unionbank\tap\selenium\harness\TitleParams.java
D:\NewWorkSpace\Selenium2\src\main\java\com\unionbank\tap\selenium\actions\WebAppDriver.java
D:\NewWorkSpace\Selenium2\src\main\java\com\unionbank\tap\selenium\common\MyActionListener.java
D:\NewWorkSpace\Selenium2\src\main\java\com\unionbank\tap\selenium\reporting\ManagingReporter.java
D:\NewWorkSpace\Selenium2\src\main\java\com\unionbank\tap\selenium\utils\Utils.java
D:\NewWorkSpace\Selenium2\src\main\java\com\unionbank\tap\selenium\engine\TestResult.java
D:\NewWorkSpace\Selenium2\src\main\java\com\unionbank\tap\selenium\engine\ResultReporter.java
D:\NewWorkSpace\Selenium2\src\main\java\com\unionbank\tap\selenium\harness\ExcelTestSet.java
